[037月2026 17:40:25.288] [main/INFO] [net.neoforged.fml.startup.Entrypoint/]: JVM Uptime at startup: 338ms
[037月2026 17:40:25.306] [main/INFO] [net.neoforged.fml.loading.FMLLoader/]: Starting FancyModLoader version 11.0.12 (CLIENT in DEV)
[037月2026 17:40:25.306] [main/INFO] [net.neoforged.fml.loading.FMLLoader/]: Game directory: D:\Develop\workspace\minecraft\hiirosakura\neoforge\runs\client
[037月2026 17:40:25.372] [main/INFO] [net.neoforged.fml.loading.EarlyServiceDiscovery/]: Found 2 early service jars (out of 171) in 32ms
[037月2026 17:40:25.373] [main/INFO] [net.neoforged.fml.loading.FMLLoader/]: Loading FML Early Services:
[037月2026 17:40:25.373] [main/INFO] [net.neoforged.fml.loading.FMLLoader/]:  - D:/Develop/Kit/gradle/GradleRepository/caches/modules-2/files-2.1/net.neoforged.fancymodloader/loader/11.0.12/d884bab13450950bcb425dbe29d33e505f7153e1/loader-11.0.12.jar
[037月2026 17:40:25.374] [main/INFO] [net.neoforged.fml.loading.FMLLoader/]:  - D:/Develop/Kit/gradle/GradleRepository/caches/modules-2/files-2.1/net.neoforged.fancymodloader/earlydisplay/11.0.12/b817db67b61923f071fa98947f92a054c8598dd1/earlydisplay-11.0.12.jar
[037月2026 17:40:25.379] [main/INFO] [net.neoforged.fml.loading.ImmediateWindowHandler/]: Loading ImmediateWindowProvider fmlearlywindow
[037月2026 17:40:25.894] [ForkJoinPool.commonPool-worker-21/INFO] [net.neoforged.fml.loading.moddiscovery.locators.GameLocator/]: Detected a joined NeoForge and Minecraft configuration. Applying filtering...
[037月2026 17:40:25.933] [fml-loadingscreen/INFO] [net.neoforged.fml.earlydisplay.render.LoadingScreenRenderer/]: GL info: NVIDIA GeForce RTX 4070/PCIe/SSE2 GL version 3.3.0 NVIDIA 610.62, NVIDIA Corporation
[037月2026 17:40:25.948] [ForkJoinPool.commonPool-worker-21/INFO] [net.neoforged.fml.loading.moddiscovery.locators.InDevFolderLocator/CORE]: Got mod coordinates hiirosakura%%D:\Develop\workspace\minecraft\hiirosakura\neoforge\build\classes\java\main;hiirosakura%%D:\Develop\workspace\minecraft\hiirosakura\neoforge\build\classes\kotlin\main;hiirosakura%%D:\Develop\workspace\minecraft\hiirosakura\neoforge\build\resources\main from env
[037月2026 17:40:26.334] [ForkJoinPool.commonPool-worker-21/WARN] [net.neoforged.jarjar.selection.JarSelector/]: Attempted to select two dependency jars from JarJar which have the same identification: jar(C:/Users/forpl/.m2/repository/moe/forpleuvoir/ibukigourd-neoforge-26.1.2/0.11.1+alpha/ibukigourd-neoforge-26.1.2-0.11.1+alpha.jar) > jar(C:/Users/forpl/.m2/repository/moe/forpleuvoir/ibukigourd-neoforge-26.1.2/0.11.1+alpha/ibukigourd-neoforge-26.1.2-0.11.1+alpha.jar > runtime-saveable-desktop-1.11.0.jar) and jar(C:/Users/forpl/.m2/repository/moe/forpleuvoir/ibukigourd-neoforge-26.1.2/0.11.1+alpha/ibukigourd-neoforge-26.1.2-0.11.1+alpha.jar) > jar(C:/Users/forpl/.m2/repository/moe/forpleuvoir/ibukigourd-neoforge-26.1.2/0.11.1+alpha/ibukigourd-neoforge-26.1.2-0.11.1+alpha.jar > runtime-saveable-desktop-1.11.1.jar). Using jar(C:/Users/forpl/.m2/repository/moe/forpleuvoir/ibukigourd-neoforge-26.1.2/0.11.1+alpha/ibukigourd-neoforge-26.1.2-0.11.1+alpha.jar) > jar(C:/Users/forpl/.m2/repository/moe/forpleuvoir/ibukigourd-neoforge-26.1.2/0.11.1+alpha/ibukigourd-neoforge-26.1.2-0.11.1+alpha.jar > runtime-saveable-desktop-1.11.0.jar)
[037月2026 17:40:26.334] [ForkJoinPool.commonPool-worker-21/WARN] [net.neoforged.jarjar.selection.JarSelector/]: Attempted to select two dependency jars from JarJar which have the same identification: jar(C:/Users/forpl/.m2/repository/moe/forpleuvoir/ibukigourd-neoforge-26.1.2/0.11.1+alpha/ibukigourd-neoforge-26.1.2-0.11.1+alpha.jar) > jar(C:/Users/forpl/.m2/repository/moe/forpleuvoir/ibukigourd-neoforge-26.1.2/0.11.1+alpha/ibukigourd-neoforge-26.1.2-0.11.1+alpha.jar > lifecycle-runtime-compose-desktop-2.9.4.jar) and jar(C:/Users/forpl/.m2/repository/moe/forpleuvoir/ibukigourd-neoforge-26.1.2/0.11.1+alpha/ibukigourd-neoforge-26.1.2-0.11.1+alpha.jar) > jar(C:/Users/forpl/.m2/repository/moe/forpleuvoir/ibukigourd-neoforge-26.1.2/0.11.1+alpha/ibukigourd-neoforge-26.1.2-0.11.1+alpha.jar > lifecycle-runtime-compose-desktop-2.9.6.jar). Using jar(C:/Users/forpl/.m2/repository/moe/forpleuvoir/ibukigourd-neoforge-26.1.2/0.11.1+alpha/ibukigourd-neoforge-26.1.2-0.11.1+alpha.jar) > jar(C:/Users/forpl/.m2/repository/moe/forpleuvoir/ibukigourd-neoforge-26.1.2/0.11.1+alpha/ibukigourd-neoforge-26.1.2-0.11.1+alpha.jar > lifecycle-runtime-compose-desktop-2.9.4.jar)
[037月2026 17:40:26.335] [ForkJoinPool.commonPool-worker-21/WARN] [net.neoforged.jarjar.selection.JarSelector/]: Attempted to select two dependency jars from JarJar which have the same identification: jar(C:/Users/forpl/.m2/repository/moe/forpleuvoir/ibukigourd-neoforge-26.1.2/0.11.1+alpha/ibukigourd-neoforge-26.1.2-0.11.1+alpha.jar) > jar(C:/Users/forpl/.m2/repository/moe/forpleuvoir/ibukigourd-neoforge-26.1.2/0.11.1+alpha/ibukigourd-neoforge-26.1.2-0.11.1+alpha.jar > savedstate-compose-desktop-1.3.6.jar) and jar(C:/Users/forpl/.m2/repository/moe/forpleuvoir/ibukigourd-neoforge-26.1.2/0.11.1+alpha/ibukigourd-neoforge-26.1.2-0.11.1+alpha.jar) > jar(C:/Users/forpl/.m2/repository/moe/forpleuvoir/ibukigourd-neoforge-26.1.2/0.11.1+alpha/ibukigourd-neoforge-26.1.2-0.11.1+alpha.jar > savedstate-compose-desktop-1.4.0.jar). Using jar(C:/Users/forpl/.m2/repository/moe/forpleuvoir/ibukigourd-neoforge-26.1.2/0.11.1+alpha/ibukigourd-neoforge-26.1.2-0.11.1+alpha.jar) > jar(C:/Users/forpl/.m2/repository/moe/forpleuvoir/ibukigourd-neoforge-26.1.2/0.11.1+alpha/ibukigourd-neoforge-26.1.2-0.11.1+alpha.jar > savedstate-compose-desktop-1.3.6.jar)
[037月2026 17:40:26.335] [ForkJoinPool.commonPool-worker-21/WARN] [net.neoforged.jarjar.selection.JarSelector/]: Attempted to select two dependency jars from JarJar which have the same identification: jar(C:/Users/forpl/.m2/repository/moe/forpleuvoir/ibukigourd-neoforge-26.1.2/0.11.1+alpha/ibukigourd-neoforge-26.1.2-0.11.1+alpha.jar) > jar(C:/Users/forpl/.m2/repository/moe/forpleuvoir/ibukigourd-neoforge-26.1.2/0.11.1+alpha/ibukigourd-neoforge-26.1.2-0.11.1+alpha.jar > runtime-desktop-1.11.1.jar) and jar(C:/Users/forpl/.m2/repository/moe/forpleuvoir/ibukigourd-neoforge-26.1.2/0.11.1+alpha/ibukigourd-neoforge-26.1.2-0.11.1+alpha.jar) > jar(C:/Users/forpl/.m2/repository/moe/forpleuvoir/ibukigourd-neoforge-26.1.2/0.11.1+alpha/ibukigourd-neoforge-26.1.2-0.11.1+alpha.jar > runtime-desktop-1.11.0.jar). Using jar(C:/Users/forpl/.m2/repository/moe/forpleuvoir/ibukigourd-neoforge-26.1.2/0.11.1+alpha/ibukigourd-neoforge-26.1.2-0.11.1+alpha.jar) > jar(C:/Users/forpl/.m2/repository/moe/forpleuvoir/ibukigourd-neoforge-26.1.2/0.11.1+alpha/ibukigourd-neoforge-26.1.2-0.11.1+alpha.jar > runtime-desktop-1.11.1.jar)
[037月2026 17:40:26.336] [ForkJoinPool.commonPool-worker-21/INFO] [net.neoforged.fml.loading.moddiscovery.locators.JarInJarDependencyLocator/]: Found 55 dependencies adding them to mods collection
[037月2026 17:40:26.339] [ForkJoinPool.commonPool-worker-21/INFO] [net.neoforged.fml.loading.moddiscovery.ModDiscoverer/]: 
     Mod List:
		Name Version (Mod Id)

		HiiroSakura 3.5.3+beta (hiirosakura)
		IbukiGourd 0.11.1+alpha (ibukigourd)
		Kotlin For Forge 6.2.0 (kotlinforforge)
		Minecraft 26.1.2 (minecraft)
		NeoForge 26.1.2.22-beta (neoforge)
[037月2026 17:40:26.641] [main/INFO] [mixin/]: SpongePowered MIXIN Subsystem Version=0.8.7 Source=file:/D:/Develop/Kit/gradle/GradleRepository/caches/modules-2/files-2.1/net.fabricmc/sponge-mixin/0.17.3+mixin.0.8.7/41c4a3984a80f4679e759fb9f495587acc5cdac7/sponge-mixin-0.17.3+mixin.0.8.7.jar Service=FML Env=CLIENT
[037月2026 17:40:26.667] [main/INFO] [net.neoforged.fml.loading.FMLLoader/]: Loading FML Plugins:
[037月2026 17:40:26.668] [main/INFO] [net.neoforged.fml.loading.FMLLoader/]:  - C:/Users/forpl/.m2/repository/moe/forpleuvoir/ibukigourd-neoforge-26.1.2/0.11.1+alpha/ibukigourd-neoforge-26.1.2-0.11.1+alpha.jar > poko-annotations-jvm-0.21.1.jar
[037月2026 17:40:26.669] [main/INFO] [net.neoforged.fml.loading.FMLLoader/]:  - D:/Develop/Kit/gradle/GradleRepository/caches/modules-2/files-2.1/thedarkcolour/kotlinforforge-neoforge/6.2.0/b7df248213dfe9e3eeca17d819dd50693a1729d6/kotlinforforge-neoforge-6.2.0.jar > kotlinx-serialization-core-jvm-1.10.0.jar
[037月2026 17:40:26.669] [main/INFO] [net.neoforged.fml.loading.FMLLoader/]:  - D:/Develop/Kit/gradle/GradleRepository/caches/modules-2/files-2.1/thedarkcolour/kotlinforforge-neoforge/6.2.0/b7df248213dfe9e3eeca17d819dd50693a1729d6/kotlinforforge-neoforge-6.2.0.jar > kotlinx-coroutines-jdk8-1.10.2.jar
[037月2026 17:40:26.670] [main/INFO] [net.neoforged.fml.loading.FMLLoader/]:  - C:/Users/forpl/.m2/repository/moe/forpleuvoir/ibukigourd-neoforge-26.1.2/0.11.1+alpha/ibukigourd-neoforge-26.1.2-0.11.1+alpha.jar > jbr-api-1.9.0.jar
[037月2026 17:40:26.670] [main/INFO] [net.neoforged.fml.loading.FMLLoader/]:  - C:/Users/forpl/.m2/repository/moe/forpleuvoir/ibukigourd-neoforge-26.1.2/0.11.1+alpha/ibukigourd-neoforge-26.1.2-0.11.1+alpha.jar > lifecycle-runtime-compose-desktop-2.9.4.jar
[037月2026 17:40:26.671] [main/INFO] [net.neoforged.fml.loading.FMLLoader/]:  - C:/Users/forpl/.m2/repository/moe/forpleuvoir/ibukigourd-neoforge-26.1.2/0.11.1+alpha/ibukigourd-neoforge-26.1.2-0.11.1+alpha.jar > lifecycle-common-jvm-2.9.4.jar
[037月2026 17:40:26.671] [main/INFO] [net.neoforged.fml.loading.FMLLoader/]:  - C:/Users/forpl/.m2/repository/moe/forpleuvoir/ibukigourd-neoforge-26.1.2/0.11.1+alpha/ibukigourd-neoforge-26.1.2-0.11.1+alpha.jar > lifecycle-runtime-desktop-2.9.4.jar
[037月2026 17:40:26.672] [main/INFO] [net.neoforged.fml.loading.FMLLoader/]:  - D:/Develop/Kit/gradle/GradleRepository/caches/modules-2/files-2.1/thedarkcolour/kfflang-neoforge/6.2.0/1e28a9b9a21862776bb7ea6c87b09f7635d8244c/kfflang-neoforge-6.2.0.jar
[037月2026 17:40:26.672] [main/INFO] [net.neoforged.fml.loading.FMLLoader/]:  - C:/Users/forpl/.m2/repository/moe/forpleuvoir/ibukigourd-neoforge-26.1.2/0.11.1+alpha/ibukigourd-neoforge-26.1.2-0.11.1+alpha.jar > runtime-saveable-desktop-1.11.0.jar
[037月2026 17:40:26.672] [main/INFO] [net.neoforged.fml.loading.FMLLoader/]:  - C:/Users/forpl/.m2/repository/moe/forpleuvoir/ibukigourd-neoforge-26.1.2/0.11.1+alpha/ibukigourd-neoforge-26.1.2-0.11.1+alpha.jar > ui-graphics-desktop-1.11.0.jar
[037月2026 17:40:26.673] [main/INFO] [net.neoforged.fml.loading.FMLLoader/]:  - C:/Users/forpl/.m2/repository/moe/forpleuvoir/ibukigourd-neoforge-26.1.2/0.11.1+alpha/ibukigourd-neoforge-26.1.2-0.11.1+alpha.jar > material3-desktop-1.11.0-alpha07.jar
[037月2026 17:40:26.673] [main/INFO] [net.neoforged.fml.loading.FMLLoader/]:  - C:/Users/forpl/.m2/repository/moe/forpleuvoir/ibukigourd-neoforge-26.1.2/0.11.1+alpha/ibukigourd-neoforge-26.1.2-0.11.1+alpha.jar > material-color-utilities-jvm.jar
[037月2026 17:40:26.673] [main/INFO] [net.neoforged.fml.loading.FMLLoader/]:  - C:/Users/forpl/.m2/repository/moe/forpleuvoir/ibukigourd-neoforge-26.1.2/0.11.1+alpha/ibukigourd-neoforge-26.1.2-0.11.1+alpha.jar > window-core-desktop-1.4.0.jar
[037月2026 17:40:26.674] [main/INFO] [net.neoforged.fml.loading.FMLLoader/]:  - C:/Users/forpl/.m2/repository/moe/forpleuvoir/ibukigourd-neoforge-26.1.2/0.11.1+alpha/ibukigourd-neoforge-26.1.2-0.11.1+alpha.jar > ui-util-desktop-1.11.0.jar
[037月2026 17:40:26.674] [main/INFO] [net.neoforged.fml.loading.FMLLoader/]:  - C:/Users/forpl/.m2/repository/moe/forpleuvoir/ibukigourd-neoforge-26.1.2/0.11.1+alpha/ibukigourd-neoforge-26.1.2-0.11.1+alpha.jar > ui-desktop-1.11.0.jar
[037月2026 17:40:26.674] [main/INFO] [net.neoforged.fml.loading.FMLLoader/]:  - C:/Users/forpl/.m2/repository/moe/forpleuvoir/ibukigourd-neoforge-26.1.2/0.11.1+alpha/ibukigourd-neoforge-26.1.2-0.11.1+alpha.jar > collection-jvm-1.5.0.jar
[037月2026 17:40:26.674] [main/INFO] [net.neoforged.fml.loading.FMLLoader/]:  - C:/Users/forpl/.m2/repository/moe/forpleuvoir/ibukigourd-neoforge-26.1.2/0.11.1+alpha/ibukigourd-neoforge-26.1.2-0.11.1+alpha.jar > navigationevent-desktop-1.0.1.jar
[037月2026 17:40:26.675] [main/INFO] [net.neoforged.fml.loading.FMLLoader/]:  - C:/Users/forpl/.m2/repository/moe/forpleuvoir/ibukigourd-neoforge-26.1.2/0.11.1+alpha/ibukigourd-neoforge-26.1.2-0.11.1+alpha.jar > material3-adaptive-navigation-suite-desktop-1.11.0-alpha07.jar
[037月2026 17:40:26.675] [main/INFO] [net.neoforged.fml.loading.FMLLoader/]:  - C:/Users/forpl/.m2/repository/moe/forpleuvoir/ibukigourd-neoforge-26.1.2/0.11.1+alpha/ibukigourd-neoforge-26.1.2-0.11.1+alpha.jar > core-common-2.2.0.jar
[037月2026 17:40:26.675] [main/INFO] [net.neoforged.fml.loading.FMLLoader/]:  - C:/Users/forpl/.m2/repository/moe/forpleuvoir/ibukigourd-neoforge-26.1.2/0.11.1+alpha/ibukigourd-neoforge-26.1.2-0.11.1+alpha.jar > library-desktop-1.10.0.jar
[037月2026 17:40:26.675] [main/INFO] [net.neoforged.fml.loading.FMLLoader/]:  - C:/Users/forpl/.m2/repository/moe/forpleuvoir/ibukigourd-neoforge-26.1.2/0.11.1+alpha/ibukigourd-neoforge-26.1.2-0.11.1+alpha.jar > runtime-desktop-1.11.1.jar
[037月2026 17:40:26.675] [main/INFO] [net.neoforged.fml.loading.FMLLoader/]:  - C:/Users/forpl/.m2/repository/moe/forpleuvoir/ibukigourd-neoforge-26.1.2/0.11.1+alpha/ibukigourd-neoforge-26.1.2-0.11.1+alpha.jar > ui-tooling-preview-desktop-1.11.0.jar
[037月2026 17:40:26.676] [main/INFO] [net.neoforged.fml.loading.FMLLoader/]:  - C:/Users/forpl/.m2/repository/moe/forpleuvoir/ibukigourd-neoforge-26.1.2/0.11.1+alpha/ibukigourd-neoforge-26.1.2-0.11.1+alpha.jar > foundation-desktop-1.11.0.jar
[037月2026 17:40:26.676] [main/INFO] [net.neoforged.fml.loading.FMLLoader/]:  - C:/Users/forpl/.m2/repository/moe/forpleuvoir/ibukigourd-neoforge-26.1.2/0.11.1+alpha/ibukigourd-neoforge-26.1.2-0.11.1+alpha.jar > runtime-retain-desktop-1.11.1.jar
[037月2026 17:40:26.676] [main/INFO] [net.neoforged.fml.loading.FMLLoader/]:  - D:/Develop/Kit/gradle/GradleRepository/caches/modules-2/files-2.1/thedarkcolour/kotlinforforge-neoforge/6.2.0/b7df248213dfe9e3eeca17d819dd50693a1729d6/kotlinforforge-neoforge-6.2.0.jar > kotlinx-coroutines-core-jvm-1.10.2.jar
[037月2026 17:40:26.676] [main/INFO] [net.neoforged.fml.loading.FMLLoader/]:  - C:/Users/forpl/.m2/repository/moe/forpleuvoir/ibukigourd-neoforge-26.1.2/0.11.1+alpha/ibukigourd-neoforge-26.1.2-0.11.1+alpha.jar > skiko-awt-runtime-windows-x64-0.144.6.jar
[037月2026 17:40:26.676] [main/INFO] [net.neoforged.fml.loading.FMLLoader/]:  - C:/Users/forpl/.m2/repository/moe/forpleuvoir/ibukigourd-neoforge-26.1.2/0.11.1+alpha/ibukigourd-neoforge-26.1.2-0.11.1+alpha.jar > jspecify-1.0.0.jar
[037月2026 17:40:26.677] [main/INFO] [net.neoforged.fml.loading.FMLLoader/]:  - C:/Users/forpl/.m2/repository/moe/forpleuvoir/ibukigourd-neoforge-26.1.2/0.11.1+alpha/ibukigourd-neoforge-26.1.2-0.11.1+alpha.jar > animation-core-desktop-1.11.0.jar
[037月2026 17:40:26.677] [main/INFO] [net.neoforged.fml.loading.FMLLoader/]:  - C:/Users/forpl/.m2/repository/moe/forpleuvoir/ibukigourd-neoforge-26.1.2/0.11.1+alpha/ibukigourd-neoforge-26.1.2-0.11.1+alpha.jar > ui-geometry-desktop-1.11.0.jar
[037月2026 17:40:26.677] [main/INFO] [net.neoforged.fml.loading.FMLLoader/]:  - D:/Develop/Kit/gradle/GradleRepository/caches/modules-2/files-2.1/thedarkcolour/kotlinforforge-neoforge/6.2.0/b7df248213dfe9e3eeca17d819dd50693a1729d6/kotlinforforge-neoforge-6.2.0.jar > kotlinx-serialization-json-jvm-1.10.0.jar
[037月2026 17:40:26.677] [main/INFO] [net.neoforged.fml.loading.FMLLoader/]:  - C:/Users/forpl/.m2/repository/moe/forpleuvoir/ibukigourd-neoforge-26.1.2/0.11.1+alpha/ibukigourd-neoforge-26.1.2-0.11.1+alpha.jar > atomicfu-jvm-0.28.0.jar
[037月2026 17:40:26.677] [main/INFO] [net.neoforged.fml.loading.FMLLoader/]:  - C:/Users/forpl/.m2/repository/moe/forpleuvoir/ibukigourd-neoforge-26.1.2/0.11.1+alpha/ibukigourd-neoforge-26.1.2-0.11.1+alpha.jar > ui-text-desktop-1.11.0.jar
[037月2026 17:40:26.678] [main/INFO] [net.neoforged.fml.loading.FMLLoader/]:  - C:/Users/forpl/.m2/repository/moe/forpleuvoir/ibukigourd-neoforge-26.1.2/0.11.1+alpha/ibukigourd-neoforge-26.1.2-0.11.1+alpha.jar > lifecycle-viewmodel-desktop-2.9.4.jar
[037月2026 17:40:26.678] [main/INFO] [net.neoforged.fml.loading.FMLLoader/]:  - C:/Users/forpl/.m2/repository/moe/forpleuvoir/ibukigourd-neoforge-26.1.2/0.11.1+alpha/ibukigourd-neoforge-26.1.2-0.11.1+alpha.jar > colormath-jvm.jar
[037月2026 17:40:26.678] [main/INFO] [net.neoforged.fml.loading.FMLLoader/]:  - C:/Users/forpl/.m2/repository/moe/forpleuvoir/ibukigourd-neoforge-26.1.2/0.11.1+alpha/ibukigourd-neoforge-26.1.2-0.11.1+alpha.jar > graphics-shapes-desktop-1.1.0.jar
[037月2026 17:40:26.678] [main/INFO] [net.neoforged.fml.loading.FMLLoader/]:  - C:/Users/forpl/.m2/repository/moe/forpleuvoir/ibukigourd-neoforge-26.1.2/0.11.1+alpha/ibukigourd-neoforge-26.1.2-0.11.1+alpha.jar > material-kolor-jvm.jar
[037月2026 17:40:26.679] [main/INFO] [net.neoforged.fml.loading.FMLLoader/]:  - C:/Users/forpl/.m2/repository/moe/forpleuvoir/ibukigourd-neoforge-26.1.2/0.11.1+alpha/ibukigourd-neoforge-26.1.2-0.11.1+alpha.jar > material-ripple-desktop-1.11.0-beta03.jar
[037月2026 17:40:26.679] [main/INFO] [net.neoforged.fml.loading.FMLLoader/]:  - C:/Users/forpl/.m2/repository/moe/forpleuvoir/ibukigourd-neoforge-26.1.2/0.11.1+alpha/ibukigourd-neoforge-26.1.2-0.11.1+alpha.jar > skiko-awt-0.144.6.jar
[037月2026 17:40:26.679] [main/INFO] [net.neoforged.fml.loading.FMLLoader/]:  - C:/Users/forpl/.m2/repository/moe/forpleuvoir/ibukigourd-neoforge-26.1.2/0.11.1+alpha/ibukigourd-neoforge-26.1.2-0.11.1+alpha.jar > animation-desktop-1.11.0.jar
[037月2026 17:40:26.679] [main/INFO] [net.neoforged.fml.loading.FMLLoader/]:  - C:/Users/forpl/.m2/repository/moe/forpleuvoir/ibukigourd-neoforge-26.1.2/0.11.1+alpha/ibukigourd-neoforge-26.1.2-0.11.1+alpha.jar > runtime-annotation-jvm-1.11.1.jar
[037月2026 17:40:26.679] [main/INFO] [net.neoforged.fml.loading.FMLLoader/]:  - C:/Users/forpl/.m2/repository/moe/forpleuvoir/ibukigourd-neoforge-26.1.2/0.11.1+alpha/ibukigourd-neoforge-26.1.2-0.11.1+alpha.jar > adaptive-desktop-1.2.0.jar
[037月2026 17:40:26.679] [main/INFO] [net.neoforged.fml.loading.FMLLoader/]:  - C:/Users/forpl/.m2/repository/moe/forpleuvoir/ibukigourd-neoforge-26.1.2/0.11.1+alpha/ibukigourd-neoforge-26.1.2-0.11.1+alpha.jar > desktop-jvm-1.11.0.jar
[037月2026 17:40:26.680] [main/INFO] [net.neoforged.fml.loading.FMLLoader/]:  - D:/Develop/Kit/gradle/GradleRepository/caches/modules-2/files-2.1/thedarkcolour/kotlinforforge-neoforge/6.2.0/b7df248213dfe9e3eeca17d819dd50693a1729d6/kotlinforforge-neoforge-6.2.0.jar > kotlin-stdlib-2.3.10.jar
[037月2026 17:40:26.680] [main/INFO] [net.neoforged.fml.loading.FMLLoader/]:  - C:/Users/forpl/.m2/repository/moe/forpleuvoir/ibukigourd-neoforge-26.1.2/0.11.1+alpha/ibukigourd-neoforge-26.1.2-0.11.1+alpha.jar > foundation-layout-desktop-1.11.0.jar
[037月2026 17:40:26.680] [main/INFO] [net.neoforged.fml.loading.FMLLoader/]:  - C:/Users/forpl/.m2/repository/moe/forpleuvoir/ibukigourd-neoforge-26.1.2/0.11.1+alpha/ibukigourd-neoforge-26.1.2-0.11.1+alpha.jar > savedstate-compose-desktop-1.3.6.jar
[037月2026 17:40:26.680] [main/INFO] [net.neoforged.fml.loading.FMLLoader/]:  - C:/Users/forpl/.m2/repository/moe/forpleuvoir/ibukigourd-neoforge-26.1.2/0.11.1+alpha/ibukigourd-neoforge-26.1.2-0.11.1+alpha.jar > ui-unit-desktop-1.11.0.jar
[037月2026 17:40:26.680] [main/INFO] [net.neoforged.fml.loading.FMLLoader/]:  - C:/Users/forpl/.m2/repository/moe/forpleuvoir/ibukigourd-neoforge-26.1.2/0.11.1+alpha/ibukigourd-neoforge-26.1.2-0.11.1+alpha.jar > annotation-jvm-1.9.1.jar
[037月2026 17:40:26.681] [main/INFO] [net.neoforged.fml.loading.FMLLoader/]:  - C:/Users/forpl/.m2/repository/moe/forpleuvoir/ibukigourd-neoforge-26.1.2/0.11.1+alpha/ibukigourd-neoforge-26.1.2-0.11.1+alpha.jar > cloudy-desktop.jar
[037月2026 17:40:26.681] [main/INFO] [net.neoforged.fml.loading.FMLLoader/]:  - C:/Users/forpl/.m2/repository/moe/forpleuvoir/ibukigourd-neoforge-26.1.2/0.11.1+alpha/ibukigourd-neoforge-26.1.2-0.11.1+alpha.jar > lifecycle-viewmodel-savedstate-desktop-2.9.4.jar
[037月2026 17:40:26.681] [main/INFO] [net.neoforged.fml.loading.FMLLoader/]:  - D:/Develop/Kit/gradle/GradleRepository/caches/modules-2/files-2.1/thedarkcolour/kotlinforforge-neoforge/6.2.0/b7df248213dfe9e3eeca17d819dd50693a1729d6/kotlinforforge-neoforge-6.2.0.jar
[037月2026 17:40:26.681] [main/INFO] [net.neoforged.fml.loading.FMLLoader/]:  - D:/Develop/Kit/gradle/GradleRepository/caches/modules-2/files-2.1/thedarkcolour/kotlinforforge-neoforge/6.2.0/b7df248213dfe9e3eeca17d819dd50693a1729d6/kotlinforforge-neoforge-6.2.0.jar > kotlin-reflect-2.3.10.jar
[037月2026 17:40:26.681] [main/INFO] [net.neoforged.fml.loading.FMLLoader/]:  - C:/Users/forpl/.m2/repository/moe/forpleuvoir/ibukigourd-neoforge-26.1.2/0.11.1+alpha/ibukigourd-neoforge-26.1.2-0.11.1+alpha.jar > savedstate-desktop-1.4.0.jar
[037月2026 17:40:26.682] [main/INFO] [net.neoforged.fml.loading.FMLLoader/]:  - D:/Develop/Kit/gradle/GradleRepository/caches/modules-2/files-2.1/net.neoforged/neoforge/26.1.2.22-beta/b19acc872dff9778fcd6f737df86f6739a26ae1c/neoforge-26.1.2.22-beta-universal.jar > net.neoforged.neoforge-coremods-26.1.2.22-beta.jar
[037月2026 17:40:26.682] [main/INFO] [net.neoforged.fml.loading.FMLLoader/]:  - C:/Users/forpl/.m2/repository/moe/forpleuvoir/ibukigourd-neoforge-26.1.2/0.11.1+alpha/ibukigourd-neoforge-26.1.2-0.11.1+alpha.jar > ui-backhandler-desktop-1.11.0.jar
[037月2026 17:40:26.682] [main/INFO] [net.neoforged.fml.loading.FMLLoader/]:  - D:/Develop/Kit/gradle/GradleRepository/caches/modules-2/files-2.1/thedarkcolour/kotlinforforge-neoforge/6.2.0/b7df248213dfe9e3eeca17d819dd50693a1729d6/kotlinforforge-neoforge-6.2.0.jar > kotlin-stdlib-jdk8-2.3.10.jar
[037月2026 17:40:26.682] [main/INFO] [net.neoforged.fml.loading.FMLLoader/]:  - D:/Develop/Kit/gradle/GradleRepository/caches/modules-2/files-2.1/thedarkcolour/kotlinforforge-neoforge/6.2.0/b7df248213dfe9e3eeca17d819dd50693a1729d6/kotlinforforge-neoforge-6.2.0.jar > kotlin-stdlib-jdk7-2.3.10.jar
[037月2026 17:40:26.766] [main/INFO] [net.neoforged.fml.loading.FMLLoader/]: Building game content classloader:
 - hiirosakura (composite(folder(D:/Develop/workspace/minecraft/hiirosakura/neoforge/build/classes/java/main), folder(D:/Develop/workspace/minecraft/hiirosakura/neoforge/build/classes/kotlin/main), folder(D:/Develop/workspace/minecraft/hiirosakura/neoforge/build/resources/main)))
 - ibukigourd (jar(C:/Users/forpl/.m2/repository/moe/forpleuvoir/ibukigourd-neoforge-26.1.2/0.11.1+alpha/ibukigourd-neoforge-26.1.2-0.11.1+alpha.jar))
 - kfflib.neoforge (jar(D:/Develop/Kit/gradle/GradleRepository/caches/modules-2/files-2.1/thedarkcolour/kfflib-neoforge/6.2.0/49f2e1557514920658ed69526d225e049ac26981/kfflib-neoforge-6.2.0.jar))
 - kotlinforforge (jar(D:/Develop/Kit/gradle/GradleRepository/caches/modules-2/files-2.1/thedarkcolour/kffmod-neoforge/6.2.0/46155f5498510745d73c3f9800e59cd39e5512d0/kffmod-neoforge-6.2.0.jar))
 - minecraft (composite(filtered(jar(D:/Develop/workspace/minecraft/hiirosakura/neoforge/build/moddev/artifacts/minecraft-patched-26.1.2.22-beta.jar)), filtered(jar(D:/Develop/workspace/minecraft/hiirosakura/neoforge/build/moddev/artifacts/minecraft-patched-26.1.2.22-beta.jar))))
 - mixinextras.neoforge (jar(D:/Develop/Kit/gradle/GradleRepository/caches/modules-2/files-2.1/net.neoforged/neoforge/26.1.2.22-beta/b19acc872dff9778fcd6f737df86f6739a26ae1c/neoforge-26.1.2.22-beta-universal.jar > mixinextras-neoforge-0.5.4.jar))
 - neoforge (composite(filtered(jar(D:/Develop/Kit/gradle/GradleRepository/caches/modules-2/files-2.1/net.neoforged/neoforge/26.1.2.22-beta/b19acc872dff9778fcd6f737df86f6739a26ae1c/neoforge-26.1.2.22-beta-universal.jar))))
 - net.neoforged.fml.generated (empty(VirtualJar/net.neoforged.fml.generated))
[037月2026 17:40:26.778] [main/INFO] [net.neoforged.fml.loading.FMLLoader/]: Built game content classloader in 20ms
[037月2026 17:40:26.833] [main/WARN] [mixin/]: Reference map 'hiirosakura.refmap.json' for hiirosakura.mixins.json could not be read. If this is a development environment you can ignore this message
[037月2026 17:40:26.834] [main/WARN] [mixin/]: Reference map 'ibukigourd.refmap.json' for ibukigourd.mixins.json could not be read. If this is a development environment you can ignore this message
[037月2026 17:40:27.178] [main/INFO] [MixinExtras|Service/]: Initializing MixinExtras via com.llamalad7.mixinextras.service.MixinExtrasServiceImpl(version=0.5.4).
[037月2026 17:40:27.803] [Datafixer Bootstrap/INFO] [com.mojang.datafixers.DataFixerBuilder/]: 294 Datafixer optimizations took 179 milliseconds
[037月2026 17:40:30.725] [main/WARN] [net.minecraft.commands.Commands/]: Ambiguity between arguments [teleport, location] and [teleport, destination] with inputs: [0.1 -0.5 .9, 0 0 0]
[037月2026 17:40:30.726] [main/WARN] [net.minecraft.commands.Commands/]: Ambiguity between arguments [teleport, location] and [teleport, targets] with inputs: [0.1 -0.5 .9, 0 0 0]
[037月2026 17:40:30.728] [main/WARN] [net.minecraft.commands.Commands/]: Ambiguity between arguments [teleport, destination] and [teleport, targets] with inputs: [Player, 0123, @e, dd12be42-52a9-4a91-a8a1-11c01849e498]
[037月2026 17:40:30.729] [main/WARN] [net.minecraft.commands.Commands/]: Ambiguity between arguments [teleport, targets] and [teleport, destination] with inputs: [Player, 0123, dd12be42-52a9-4a91-a8a1-11c01849e498]
[037月2026 17:40:30.729] [main/WARN] [net.minecraft.commands.Commands/]: Ambiguity between arguments [teleport, targets, location] and [teleport, targets, destination] with inputs: [0.1 -0.5 .9, 0 0 0]
[037月2026 17:40:30.730] [main/WARN] [net.minecraft.commands.Commands/]: Ambiguity between arguments [time, set, time] and [time, set, timemarker] with inputs: [0, 0s, 0d, 0t]
[037月2026 17:40:30.731] [main/WARN] [net.minecraft.commands.Commands/]: Ambiguity between arguments [time, set, timemarker] and [time, set, time] with inputs: [012]
[037月2026 17:40:30.732] [main/WARN] [net.minecraft.commands.Commands/]: Ambiguity between arguments [time, of, clock, set, time] and [time, of, clock, set, timemarker] with inputs: [0, 0s, 0d, 0t]
[037月2026 17:40:30.732] [main/WARN] [net.minecraft.commands.Commands/]: Ambiguity between arguments [time, of, clock, set, timemarker] and [time, of, clock, set, time] with inputs: [012]
[037月2026 17:40:30.733] [main/WARN] [net.minecraft.commands.Commands/]: Ambiguity between arguments [waypoint, modify, waypoint, color, reset] and [waypoint, modify, waypoint, color, color] with inputs: [reset]
[037月2026 17:40:30.793] [modloading-worker-0/INFO] [net.neoforged.neoforge.common.NeoForgeMod/NEOFORGE-MOD]: NeoForge mod loading, version 26.1.2.22-beta, for MC 26.1.2
[037月2026 17:40:31.095] [modloading-worker-0/INFO] [thedarkcolour.kotlinforforge.neoforge.test.KotlinForForge/]: Kotlin For Forge Enabled!
[037月2026 17:40:31.379] [Render thread/INFO] [com.mojang.authlib.yggdrasil.YggdrasilAuthenticationService/]: Environment: Environment[sessionHost=https://sessionserver.mojang.com, servicesHost=https://api.minecraftservices.com, profilesHost=https://api.mojang.com, name=PROD]
[037月2026 17:40:31.388] [Render thread/INFO] [net.minecraft.client.Minecraft/]: Setting user: forpleuvoir
[037月2026 17:40:31.453] [Render thread/INFO] [net.minecraft.client.Minecraft/]: Backend library: LWJGL version 3.4.1+2
[037月2026 17:40:31.647] [Render thread/INFO] [net.minecraft.client.Minecraft/]: Using optional rendering extensions: GL_ARB_buffer_storage, GL_KHR_debug, GL_ARB_vertex_attrib_binding, GL_ARB_direct_state_access, GL_EXT_texture_filter_anisotropic
[037月2026 17:40:32.099] [modloading-worker-0/INFO] [IbukiGourd/IbukiGourd/]: ibukigourd,platform:Neoforge,env:development
[037月2026 17:40:32.101] [modloading-worker-0/INFO] [HiiroSakura/HiiroSakura/]: hiirosakura,platform:Neoforge,env:development
[037月2026 17:40:32.262] [Render thread/INFO] [net.minecraft.server.packs.resources.ReloadableResourceManager/]: Reloading ResourceManager: vanilla, mod_resources, mod/kotlinforforge, mod/hiirosakura, mod/ibukigourd, mod/neoforge
[037月2026 17:40:32.319] [resourceLoad/INFO] [net.minecraft.client.gui.font.providers.UnihexProvider/]: Found unifont_pua-17.0.01.hex, loading
[037月2026 17:40:32.320] [resourceLoad/INFO] [net.minecraft.client.gui.font.providers.UnihexProvider/]: Found unifont_all_no_pua-17.0.01.hex, loading
[037月2026 17:40:32.371] [resourceLoad/INFO] [HiiroSakura/CommonScriptLoader/]: Loaded resource: hiirosakura:script/common.jexl
[037月2026 17:40:32.385] [resourceLoad/INFO] [net.minecraft.client.gui.font.providers.UnihexProvider/]: Found unifont_jp_patch-17.0.01.hex, loading
[037月2026 17:40:33.706] [Render thread/INFO] [IbukiGourd/ComposeSceneWarmup/]: Compose warm-up completed
[037月2026 17:40:33.864] [Render thread/INFO] [IbukiGourd/ComposeSceneWarmup/]: Compose warm-up completed
[037月2026 17:40:33.870] [Render thread/INFO] [IbukiGourd/ClientModConfigHandler/]: init client mod config
[037月2026 17:40:33.870] [Render thread/INFO] [IbukiGourd/ClientModConfigHandler/]: [ibukigourd - config]client config init
[037月2026 17:40:33.896] [Render thread/INFO] [IbukiGourd/ClientModConfigHandler/]: [hiirosakura - config]client config init
[037月2026 17:40:33.907] [Render thread @coroutine#238/INFO] [HiiroSakura/HiiroSakuraDataManager/]: Loading data...
[037月2026 17:40:33.907] [Render thread @coroutine#238/INFO] [HiiroSakura/HiiroSakuraDataManager/]: Loading data: task_manager
[037月2026 17:40:33.912] [Render thread @coroutine#238/INFO] [HiiroSakura/HiiroSakuraDataManager/]: Loading data: event_manager
[037月2026 17:40:33.913] [Render thread @coroutine#238/INFO] [HiiroSakura/HiiroSakuraDataManager/]: Loading data: custom_data
[037月2026 17:40:33.914] [Render thread @coroutine#239/INFO] [HiiroSakura/CustomRadialMenuManager/]: Loading Custom Radial Menu...
[037月2026 17:40:34.032] [Render thread/INFO] [IbukiGourd/ComposeSceneWarmup/]: Compose warm-up completed
[037月2026 17:40:34.093] [Render thread/WARN] [com.mojang.blaze3d.opengl.GlProgram/]: neoforge:pipeline/item_translucent_unlit shader program does not use sampler Sampler2 defined in the pipeline. This might be a bug.
[037月2026 17:40:34.095] [Render thread/WARN] [com.mojang.blaze3d.opengl.GlProgram/]: neoforge:pipeline/item_cutout_unlit shader program does not use sampler Sampler2 defined in the pipeline. This might be a bug.
[037月2026 17:40:34.143] [Render thread/INFO] [com.mojang.blaze3d.audio.Library/]: OpenAL initialized on device OpenAL Soft on 扬声器 (HECATE G2500 BAR)
[037月2026 17:40:34.146] [Render thread/INFO] [net.minecraft.client.sounds.SoundEngine/SOUNDS]: Sound engine started
[037月2026 17:40:34.146] [Render thread/INFO] [net.minecraft.client.renderer.texture.TextureAtlas/]: Created: 512x256x0 minecraft:textures/atlas/particles.png-atlas
[037月2026 17:40:34.169] [Render thread/INFO] [net.minecraft.client.renderer.texture.TextureAtlas/]: Created: 128x128x0 minecraft:textures/atlas/decorated_pot.png-atlas
[037月2026 17:40:34.172] [Render thread/INFO] [net.minecraft.client.renderer.texture.TextureAtlas/]: Created: 2048x1024x0 minecraft:textures/atlas/armor_trims.png-atlas
[037月2026 17:40:34.209] [Render thread/INFO] [net.minecraft.client.renderer.texture.TextureAtlas/]: Created: 512x256x0 minecraft:textures/atlas/paintings.png-atlas
[037月2026 17:40:34.210] [Render thread/INFO] [net.minecraft.client.renderer.texture.TextureAtlas/]: Created: 1024x512x0 minecraft:textures/atlas/shield_patterns.png-atlas
[037月2026 17:40:34.214] [Render thread/INFO] [net.minecraft.client.renderer.texture.TextureAtlas/]: Created: 2048x2048x4 minecraft:textures/atlas/blocks.png-atlas
[037月2026 17:40:34.279] [Render thread/INFO] [net.minecraft.client.renderer.texture.TextureAtlas/]: Created: 512x512x0 minecraft:textures/atlas/chest.png-atlas
[037月2026 17:40:34.280] [Render thread/INFO] [net.minecraft.client.renderer.texture.TextureAtlas/]: Created: 256x128x0 minecraft:textures/atlas/celestials.png-atlas
[037月2026 17:40:34.281] [Render thread/INFO] [net.minecraft.client.renderer.texture.TextureAtlas/]: Created: 1024x512x0 minecraft:textures/atlas/banner_patterns.png-atlas
[037月2026 17:40:34.286] [Render thread/INFO] [net.minecraft.client.renderer.texture.TextureAtlas/]: Created: 512x512x0 minecraft:textures/atlas/beds.png-atlas
[037月2026 17:40:34.287] [Render thread/INFO] [net.minecraft.client.renderer.texture.TextureAtlas/]: Created: 1024x512x0 minecraft:textures/atlas/items.png-atlas
[037月2026 17:40:34.305] [Render thread/INFO] [net.minecraft.client.renderer.texture.TextureAtlas/]: Created: 1024x1024x0 minecraft:textures/atlas/gui.png-atlas
[037月2026 17:40:34.324] [Render thread/INFO] [net.minecraft.client.renderer.texture.TextureAtlas/]: Created: 128x64x0 minecraft:textures/atlas/map_decorations.png-atlas
[037月2026 17:40:34.325] [Render thread/INFO] [net.minecraft.client.renderer.texture.TextureAtlas/]: Created: 512x256x0 minecraft:textures/atlas/signs.png-atlas
[037月2026 17:40:34.325] [Render thread/INFO] [net.minecraft.client.renderer.texture.TextureAtlas/]: Created: 512x512x0 minecraft:textures/atlas/shulker_boxes.png-atlas
[037月2026 17:40:34.400] [Render thread/INFO] [net.neoforged.neoforge.client.entity.animation.json.AnimationLoader/]: Loaded 0 entity animations
[037月2026 17:40:34.556] [Render thread/INFO] [IbukiGourd/SkiaItemRenderHelper/]: Invalidate ItemImage cache
[037月2026 17:40:34.556] [Render thread/INFO] [IbukiGourd/SkiaTextureHelper/]: Invalidate Texture cache
[037月2026 17:40:40.004] [Render thread/WARN] [net.minecraft.server.MinecraftServer/]: Missing data pack tests
[037月2026 17:40:40.524] [Render thread/INFO] [net.minecraft.world.item.crafting.RecipeManager/]: Loaded 1515 recipes
[037月2026 17:40:40.531] [Render thread/INFO] [net.minecraft.advancements.AdvancementTree/]: Loaded 1617 advancements
[037月2026 17:40:40.533] [Render thread/INFO] [net.neoforged.neoforge.common.crafting.RecipePriorityManager/]: Loaded 0 recipe priority overrides
[037月2026 17:40:43.190] [Render thread/INFO] [IbukiGourd/ClientModConfigHandler/]: client mod config saving...
[037月2026 17:40:43.218] [Render thread/INFO] [net.minecraft.client.Minecraft/]: Stopping!
